                                     ac.ok
 namespace | relation | constraint_name | attribute | message | expected | was 
-----------+----------+-----------------+-----------+---------+----------+-----

                                                 ac.missing
 namespace | relation | constraint_name | attribute |                message                | expected | was 
-----------+----------+-----------------+-----------+---------------------------------------+----------+-----
 ac        | missing  |                 |           | Missing exclude adjacency constraint. |          | 

                                                 ac.mismatched_fields
 namespace |     relation      | constraint_name | attribute |                message                | expected | was 
-----------+-------------------+-----------------+-----------+---------------------------------------+----------+-----
 ac        | mismatched_fields |                 |           | Missing exclude adjacency constraint. |          | 

                                                 ac.mismatched_fields_2
 namespace |      relation       | constraint_name | attribute |                message                | expected | was 
-----------+---------------------+-----------------+-----------+---------------------------------------+----------+-----
 ac        | mismatched_fields_2 |                 |           | Missing exclude adjacency constraint. |          | 

                                                         ac.wrong_operator
 namespace |    relation    |                   constraint_name                    | attribute |      message      | expected | was 
-----------+----------------+------------------------------------------------------+-----------+-------------------+----------+-----
 ac        | wrong_operator | wrong_operator_id_id2_value_value2_valid_period_excl | id2       | Invalid operator. | =        | <>

                                                            ac.wrong_operator_2
 namespace |     relation     |                    constraint_name                     |  attribute   |      message      | expected | was 
-----------+------------------+--------------------------------------------------------+--------------+-------------------+----------+-----
 ac        | wrong_operator_2 | wrong_operator_2_id_id2_value_value2_valid_period_excl | valid_period | Invalid operator. | -|-      | &&

                                                            ac.wrong_operator_3
 namespace |     relation     |                    constraint_name                     |  attribute   |      message      | expected | was 
-----------+------------------+--------------------------------------------------------+--------------+-------------------+----------+-----
 ac        | wrong_operator_3 | wrong_operator_3_id_id2_value_value2_valid_period_excl | id           | Invalid operator. | =        | <>
 ac        | wrong_operator_3 | wrong_operator_3_id_id2_value_value2_valid_period_excl | id2          | Invalid operator. | =        | <>
 ac        | wrong_operator_3 | wrong_operator_3_id_id2_value_value2_valid_period_excl | value        | Invalid operator. | =        | <>
 ac        | wrong_operator_3 | wrong_operator_3_id_id2_value_value2_valid_period_excl | value2       | Invalid operator. | =        | <>
 ac        | wrong_operator_3 | wrong_operator_3_id_id2_value_value2_valid_period_excl | valid_period | Invalid operator. | -|-      | &&

                              ac.multiple_one_ok
 namespace | relation | constraint_name | attribute | message | expected | was 
-----------+----------+-----------------+-----------+---------+----------+-----

                                                         ac.wrong_operator_none_ok
 namespace |     relation     |                    constraint_name                     |  attribute   |      message      | expected | was 
-----------+------------------+--------------------------------------------------------+--------------+-------------------+----------+-----
 ac        | multiple_none_ok | multiple_none_ok_id_id2_value_value2_valid_period_excl | id           | Invalid operator. | =        | <>
 ac        | multiple_none_ok | multiple_none_ok_id_id2_value_value2_valid_period_excl | value2       | Invalid operator. | =        | <>
 ac        | multiple_none_ok | multiple_none_ok_id_id2_value_value2_valid_period_excl | valid_period | Invalid operator. | -|-      | &&
 ac        | multiple_none_ok | multiple_none_ok_id_valid_period_id2_value2_value_excl | id2          | Invalid operator. | =        | <>

