                            h.ok
 namespace | relation | attribute | message | expected | was 
-----------+----------+-----------+---------+----------+-----

                                           h.missing_relation
 namespace |     relation     | attribute |          message          |          expected          | was 
-----------+------------------+-----------+---------------------------+----------------------------+-----
 h         | missing_relation |           | Missing history relation. | h_history.missing_relation | 

                               h.missing_attribute
 namespace |     relation      | attribute |      message       | expected | was 
-----------+-------------------+-----------+--------------------+----------+-----
 h         | missing_attribute | id        | Missing attribute. |          | 

                              h.wrong_attribute_type
 namespace |       relation       | attribute |     message      | expected | was  
-----------+----------------------+-----------+------------------+----------+------
 h         | wrong_attribute_type | id        | Mismatched type. | integer  | text
 h         | wrong_attribute_type | value     | Mismatched type. | integer  | text

