    id     | value | valid_period
-----------+-------+--------------
 manual-04 |     0 | (,)
(1 row)

    id     | value | valid_period
-----------+-------+--------------
 manual-05 |     0 | (,55)
 manual-05 |     1 | [55,)
(2 rows)

    id     | value | valid_period
-----------+-------+--------------
 manual-06 |     1 | (,25)
 manual-06 |     0 | [25,)
(2 rows)

    id     | value | valid_period
-----------+-------+--------------
 manual-07 |     1 | (,25)
 manual-07 |     0 | [25,55)
 manual-07 |     1 | [55,)
(3 rows)

    id     | value | valid_period
-----------+-------+--------------
 manual-08 |     0 | (,)
(1 row)

    id     | value | valid_period
-----------+-------+--------------
 manual-09 |     0 | (,55)
 manual-09 |     1 | [55,80)
(2 rows)

    id     | value | valid_period
-----------+-------+--------------
 manual-10 |     1 | (,25)
 manual-10 |     0 | [25,)
(2 rows)

    id     | value | valid_period
-----------+-------+--------------
 manual-11 |     1 | (,25)
 manual-11 |     0 | [25,55)
 manual-11 |     1 | [55,80)
(3 rows)

    id     | value | valid_period
-----------+-------+--------------
 manual-12 |     0 | (,)
(1 row)

    id     | value | valid_period
-----------+-------+--------------
 manual-13 |     0 | (,55)
 manual-13 |     1 | [55,)
(2 rows)

    id     | value | valid_period
-----------+-------+--------------
 manual-14 |     1 | [0,25)
 manual-14 |     0 | [25,)
(2 rows)

    id     | value | valid_period
-----------+-------+--------------
 manual-15 |     1 | [0,25)
 manual-15 |     0 | [25,55)
 manual-15 |     1 | [55,)
(3 rows)

    id     | value | valid_period
-----------+-------+--------------
 manual-16 |     0 | (,)
(1 row)

    id     | value | valid_period
-----------+-------+--------------
 manual-17 |     0 | (,55)
 manual-17 |     1 | [55,80)
(2 rows)

    id     | value | valid_period
-----------+-------+--------------
 manual-18 |     1 | [0,25)
 manual-18 |     0 | [25,)
(2 rows)

    id     | value | valid_period
-----------+-------+--------------
 manual-19 |     1 | [0,25)
 manual-19 |     0 | [25,55)
 manual-19 |     1 | [55,80)
(3 rows)
