                            st.ok
 namespace | relation | attribute | message | expected | was 
-----------+----------+-----------+---------+----------+-----

                                 st.missing
 namespace | relation |   attribute   |      message       | expected | was 
-----------+----------+---------------+--------------------+----------+-----
 st        | missing  | system_period | Missing attribute. |          | 

                                 st.nullable
 namespace | relation |   attribute   |       message       | expected | was 
-----------+----------+---------------+---------------------+----------+-----
 st        | nullable | system_period | Nullable attribute. |          | 

                                st.invalid_type
 namespace |   relation   |   attribute   |    message    | expected  |   was   
-----------+--------------+---------------+---------------+-----------+---------
 st        | invalid_type | system_period | Invalid type. | int4range | integer

                                   st.nullable_invalid_type
 namespace |       relation        |   attribute   |       message       | expected  |   was   
-----------+-----------------------+---------------+---------------------+-----------+---------
 st        | nullable_invalid_type | system_period | Nullable attribute. |           | 
 st        | nullable_invalid_type | system_period | Invalid type.       | int4range | integer

