 namespace | relation | message 
-----------+----------+---------
(0 rows)

 namespace |           relation           |                                                       message                                                        
-----------+------------------------------+----------------------------------------------------------------------------------------------------------------------
 sample    | adjacency_constraint_missing | Missing constraint. Expected a exclude constraint on {id,id2,value,value2,valid_period} with operators {=,=,=,=,-|-}
(1 row)

 namespace |                relation                |                                                       message                                                        
-----------+----------------------------------------+----------------------------------------------------------------------------------------------------------------------
 sample    | adjacency_constraint_mismatched_fields | Missing constraint. Expected a exclude constraint on {id,id2,value,value2,valid_period} with operators {=,=,=,=,-|-}
(1 row)

 namespace |                 relation                 |                                                       message                                                        
-----------+------------------------------------------+----------------------------------------------------------------------------------------------------------------------
 sample    | adjacency_constraint_mismatched_fields_2 | Missing constraint. Expected a exclude constraint on {id,id2,value,value2,valid_period} with operators {=,=,=,=,-|-}
(1 row)

 namespace |              relation               |                                                       message                                                        
-----------+-------------------------------------+----------------------------------------------------------------------------------------------------------------------
 sample    | adjacency_constraint_wrong_operator | Missing constraint. Expected a exclude constraint on {id,id2,value,value2,valid_period} with operators {=,=,=,=,-|-}
(1 row)

 namespace |               relation                |                                                       message                                                        
-----------+---------------------------------------+----------------------------------------------------------------------------------------------------------------------
 sample    | adjacency_constraint_wrong_operator_2 | Missing constraint. Expected a exclude constraint on {id,id2,value,value2,valid_period} with operators {=,=,=,=,-|-}
(1 row)

 namespace |               relation                |                                                       message                                                        
-----------+---------------------------------------+----------------------------------------------------------------------------------------------------------------------
 sample    | adjacency_constraint_wrong_operator_3 | Missing constraint. Expected a exclude constraint on {id,id2,value,value2,valid_period} with operators {=,=,=,=,-|-}
(1 row)

 namespace | relation | message 
-----------+----------+---------
(0 rows)

 namespace |            relation             |                                                       message                                                        
-----------+---------------------------------+----------------------------------------------------------------------------------------------------------------------
 sample    | adjacency_constraint_multiple_2 | Missing constraint. Expected a exclude constraint on {id,id2,value,value2,valid_period} with operators {=,=,=,=,-|-}
(1 row)

