 namespace | relation | message 
-----------+----------+---------
(0 rows)

 namespace |               relation                |                                              message                                               
-----------+---------------------------------------+----------------------------------------------------------------------------------------------------
 sample    | overlap_constraint_missing_constraint | Missing constraint. Expected a exclude constraint on {id,id2,valid_period} with operators {=,=,&&}
(1 row)

 namespace |                 relation                 |                                              message                                               
-----------+------------------------------------------+----------------------------------------------------------------------------------------------------
 sample    | overlap_constraint_pk_ex_mismatch_fields | Missing constraint. Expected a exclude constraint on {id,id2,valid_period} with operators {=,=,&&}
(1 row)

 namespace |                  relation                  |                                              message                                               
-----------+--------------------------------------------+----------------------------------------------------------------------------------------------------
 sample    | overlap_constraint_pk_ex_mismatch_fields_2 | Missing constraint. Expected a exclude constraint on {id,id2,valid_period} with operators {=,=,&&}
(1 row)

 namespace |             relation              |                                              message                                               
-----------+-----------------------------------+----------------------------------------------------------------------------------------------------
 sample    | overlap_constraint_wrong_operator | Missing constraint. Expected a exclude constraint on {id,id2,valid_period} with operators {=,=,&&}
(1 row)

 namespace |              relation               |                                              message                                               
-----------+-------------------------------------+----------------------------------------------------------------------------------------------------
 sample    | overlap_constraint_wrong_operator_2 | Missing constraint. Expected a exclude constraint on {id,id2,valid_period} with operators {=,=,&&}
(1 row)

 namespace |              relation               |                                              message                                               
-----------+-------------------------------------+----------------------------------------------------------------------------------------------------
 sample    | overlap_constraint_wrong_operator_3 | Missing constraint. Expected a exclude constraint on {id,id2,valid_period} with operators {=,=,&&}
(1 row)

 namespace | relation | message 
-----------+----------+---------
(0 rows)

 namespace |                   relation                   |                                              message                                               
-----------+----------------------------------------------+----------------------------------------------------------------------------------------------------
 sample    | overlap_constraint_multiple_with_pk_fields_2 | Missing constraint. Expected a exclude constraint on {id,id2,valid_period} with operators {=,=,&&}
(1 row)

